Command: ["tests/fixtures/invalid_utf8.sh"]
Start: 2023-07-26T13:32:22.288640000-07:00

0.003 out bad â(¡ bad
0.003 exit 0
