Command: ["tests/fixtures/stdouterr.sh"]
Start: 2023-09-10T21:57:00.328874000-07:00

0.007 out 01 stdout
          02 stdout
0.007 err 03 STDERR
          04 STDERR sleep 0.1
0.110 out 05 stdout sleep 0.1
0.220 out 07 stdout \
0.220 err 06 STDERR 08 STDERR
          09 STDERR sleep 0.2 \
0.302 ERROR Run timed out after 301ms
